---
source: minigu/parser/tests/parser_test.rs
---
Err:
  Unexpected:
    input: "-- short reads 7\nMATCH (m WHERE m.id = 274877907096)<-[e1:replyOf]-(c:Comment)-[e2:commentHasCreator]->(p)\nWHERE label(m) = 'Post' OR label(m) = 'Comment'\nRETURN m, c, p\nNEXT\nOPTIONAL MATCH (m)-[e]->(a)-[r:knows]-(p)\nWHERE type(r) = 'postHasCreator' OR type(r) = 'commentHasCreator'\nRETURN\n    c.id AS commentId,\n    c.content AS commentContent,\n    c.creationDate AS commentCreationDate,\n    p.id AS replyAuthorId, p.firstName AS replyAuthorFirstName,\n    p.lastName AS replyAuthorLastName,\n    CASE WHEN r=null THEN false ELSE true END AS replyAuthorKnowsOriginalMessageAuthor\nORDER BY commentCreationDate DESC, replyAuthorId"
    span:
      start: 490
      end: 491
    position:
      - 13
      - 38
